GAMS 32.2.0  rc62c018 Released Aug 26, 2020 WEX-WEI x86 64bit/MS Windows - 02/18/26 01:19:14 Page 1
Data conversion
C o m p i l a t i o n


   2   
   7   
GAMS 32.2.0  rc62c018 Released Aug 26, 2020 WEX-WEI x86 64bit/MS Windows - 02/18/26 01:19:14 Page 2
Data conversion
Include File Summary


   SEQ   GLOBAL TYPE      PARENT   LOCAL  FILENAME

     1        1 INPUT          0       0  C:\Users\ikiyo\OneDrive\MAFF_2025\workspace simul\xlsx2gdx.gms
     2        3 CALL           1       3  gdxxrw i=data_2022.xlsx  o=data_2022.gdx  index=Index!A1
     3        4 CALL           1       4  gdxxrw i=data_2005.xlsx  o=data_2005.gdx  index=Index!A1
     4        5 CALL           1       5  gdxxrw i=sets.xlsx       o=sets.gdx       index=Index!A1
     5        6 CALL           1       6  gdxxrw i=parameters.xlsx o=parameters.gdx index=Index!A1


COMPILATION TIME     =        3.266 SECONDS      2 MB  32.2.0 rc62c018 WEX-WEI


EXECUTION TIME       =        0.000 SECONDS      2 MB  32.2.0 rc62c018 WEX-WEI


USER: Kiyotaka Ishikawa, Single User License         G191217/0001AS-WIN
      Kyoto University, Graduate School of Agriculture          DC10515
      License for teaching and research at degree granting institutions


**** FILE SUMMARY

Input      C:\Users\ikiyo\OneDrive\MAFF_2025\workspace simul\xlsx2gdx.gms
Output     C:\Users\ikiyo\OneDrive\MAFF_2025\workspace simul\xlsx2gdx.lst
